[2026-02-15 11:04:16,828 - default_logger - ERROR] at patch_event_after_redact() => Ошибка: No Event matches the given query.
Traceback (most recent call last):
  File "/usr/local/lib/python3.13/site-packages/django/shortcuts.py", line 90, in get_object_or_404
    return queryset.get(*args, **kwargs)
           ~~~~~~~~~~~~^^^^^^^^^^^^^^^^^
  File "/usr/local/lib/python3.13/site-packages/django/db/models/query.py", line 635, in get
    raise self.model.DoesNotExist(
        "%s matching query does not exist." % self.model._meta.object_name
    )
modules.map.models.event.Event.DoesNotExist: Event matching query does not exist.

During handling of the above exception, another exception occurred:

Traceback (most recent call last):
  File "/opt/modules/map/api/event.py", line 314, in patch_event_after_redact
    event = get_object_or_404(Event, id=event_id)
  File "/usr/local/lib/python3.13/site-packages/django/shortcuts.py", line 92, in get_object_or_404
    raise Http404(
        "No %s matches the given query." % queryset.model._meta.object_name
    )
django.http.response.Http404: No Event matches the given query.
[2026-02-15 11:06:34,618 - default_logger - ERROR] at patch_event_after_redact() => Ошибка: No Event matches the given query.
Traceback (most recent call last):
  File "/usr/local/lib/python3.13/site-packages/django/shortcuts.py", line 90, in get_object_or_404
    return queryset.get(*args, **kwargs)
           ~~~~~~~~~~~~^^^^^^^^^^^^^^^^^
  File "/usr/local/lib/python3.13/site-packages/django/db/models/query.py", line 635, in get
    raise self.model.DoesNotExist(
        "%s matching query does not exist." % self.model._meta.object_name
    )
modules.map.models.event.Event.DoesNotExist: Event matching query does not exist.

During handling of the above exception, another exception occurred:

Traceback (most recent call last):
  File "/opt/modules/map/api/event.py", line 308, in patch_event_after_redact
    event = get_object_or_404(Event, id=event_id)
  File "/usr/local/lib/python3.13/site-packages/django/shortcuts.py", line 92, in get_object_or_404
    raise Http404(
        "No %s matches the given query." % queryset.model._meta.object_name
    )
django.http.response.Http404: No Event matches the given query.
[2026-02-15 11:07:59,362 - default_logger - ERROR] at patch_event_after_redact() => Ошибка: No Event matches the given query.
Traceback (most recent call last):
  File "/usr/local/lib/python3.13/site-packages/django/shortcuts.py", line 90, in get_object_or_404
    return queryset.get(*args, **kwargs)
           ~~~~~~~~~~~~^^^^^^^^^^^^^^^^^
  File "/usr/local/lib/python3.13/site-packages/django/db/models/query.py", line 635, in get
    raise self.model.DoesNotExist(
        "%s matching query does not exist." % self.model._meta.object_name
    )
modules.map.models.event.Event.DoesNotExist: Event matching query does not exist.

During handling of the above exception, another exception occurred:

Traceback (most recent call last):
  File "/opt/modules/map/api/event.py", line 308, in patch_event_after_redact
    event = get_object_or_404(Event, id=event_id)
  File "/usr/local/lib/python3.13/site-packages/django/shortcuts.py", line 92, in get_object_or_404
    raise Http404(
        "No %s matches the given query." % queryset.model._meta.object_name
    )
django.http.response.Http404: No Event matches the given query.
[2026-02-15 11:35:55,979 - default_logger - ERROR] at patch_event_after_redact() => Ошибка: No Event matches the given query.
Traceback (most recent call last):
  File "/usr/local/lib/python3.13/site-packages/django/shortcuts.py", line 90, in get_object_or_404
    return queryset.get(*args, **kwargs)
           ~~~~~~~~~~~~^^^^^^^^^^^^^^^^^
  File "/usr/local/lib/python3.13/site-packages/django/db/models/query.py", line 635, in get
    raise self.model.DoesNotExist(
        "%s matching query does not exist." % self.model._meta.object_name
    )
modules.map.models.event.Event.DoesNotExist: Event matching query does not exist.

During handling of the above exception, another exception occurred:

Traceback (most recent call last):
  File "/opt/modules/map/api/event.py", line 308, in patch_event_after_redact
    event = get_object_or_404(Event, id=event_id)
  File "/usr/local/lib/python3.13/site-packages/django/shortcuts.py", line 92, in get_object_or_404
    raise Http404(
        "No %s matches the given query." % queryset.model._meta.object_name
    )
django.http.response.Http404: No Event matches the given query.
[2026-02-15 11:36:52,600 - default_logger - ERROR] at patch_event_after_redact() => Ошибка: No Event matches the given query.
Traceback (most recent call last):
  File "/usr/local/lib/python3.13/site-packages/django/shortcuts.py", line 90, in get_object_or_404
    return queryset.get(*args, **kwargs)
           ~~~~~~~~~~~~^^^^^^^^^^^^^^^^^
  File "/usr/local/lib/python3.13/site-packages/django/db/models/query.py", line 635, in get
    raise self.model.DoesNotExist(
        "%s matching query does not exist." % self.model._meta.object_name
    )
modules.map.models.event.Event.DoesNotExist: Event matching query does not exist.

During handling of the above exception, another exception occurred:

Traceback (most recent call last):
  File "/opt/modules/map/api/event.py", line 308, in patch_event_after_redact
    event = get_object_or_404(Event, id=event_id)
  File "/usr/local/lib/python3.13/site-packages/django/shortcuts.py", line 92, in get_object_or_404
    raise Http404(
        "No %s matches the given query." % queryset.model._meta.object_name
    )
django.http.response.Http404: No Event matches the given query.
[2026-02-15 11:37:51,407 - default_logger - ERROR] at patch_event_after_redact() => Ошибка: No Event matches the given query.
Traceback (most recent call last):
  File "/usr/local/lib/python3.13/site-packages/django/shortcuts.py", line 90, in get_object_or_404
    return queryset.get(*args, **kwargs)
           ~~~~~~~~~~~~^^^^^^^^^^^^^^^^^
  File "/usr/local/lib/python3.13/site-packages/django/db/models/query.py", line 635, in get
    raise self.model.DoesNotExist(
        "%s matching query does not exist." % self.model._meta.object_name
    )
modules.map.models.event.Event.DoesNotExist: Event matching query does not exist.

During handling of the above exception, another exception occurred:

Traceback (most recent call last):
  File "/opt/modules/map/api/event.py", line 308, in patch_event_after_redact
    event = get_object_or_404(Event, id=event_id)
  File "/usr/local/lib/python3.13/site-packages/django/shortcuts.py", line 92, in get_object_or_404
    raise Http404(
        "No %s matches the given query." % queryset.model._meta.object_name
    )
django.http.response.Http404: No Event matches the given query.
[2026-02-15 11:39:42,279 - default_logger - ERROR] at patch_event_after_redact() => Ошибка: No Event matches the given query.
Traceback (most recent call last):
  File "/usr/local/lib/python3.13/site-packages/django/shortcuts.py", line 90, in get_object_or_404
    return queryset.get(*args, **kwargs)
           ~~~~~~~~~~~~^^^^^^^^^^^^^^^^^
  File "/usr/local/lib/python3.13/site-packages/django/db/models/query.py", line 635, in get
    raise self.model.DoesNotExist(
        "%s matching query does not exist." % self.model._meta.object_name
    )
modules.map.models.event.Event.DoesNotExist: Event matching query does not exist.

During handling of the above exception, another exception occurred:

Traceback (most recent call last):
  File "/opt/modules/map/api/event.py", line 308, in patch_event_after_redact
    event = get_object_or_404(Event, id=event_id)
  File "/usr/local/lib/python3.13/site-packages/django/shortcuts.py", line 92, in get_object_or_404
    raise Http404(
        "No %s matches the given query." % queryset.model._meta.object_name
    )
django.http.response.Http404: No Event matches the given query.
